<?xml version="1.0" encoding="utf-8"?><testsuites><testsuite name="pytest" errors="0" failures="0" skipped="0" tests="136" time="364.483" timestamp="2024-03-01T16:23:23.048671" hostname="fv-az589-175"><testcase classname="test.test_conftest" name="test_huggingface_hub_access" time="0.097" /><testcase classname="test.test_conftest" name="test_run_command" time="0.002" /><testcase classname="test.test_data_io" name="test_save_dataset_as_csv" time="5.996" /><testcase classname="test.test_data_io" name="test__read_csv_ignore_case" time="1.158" /><testcase classname="test.test_data_io" name="test__read_dataset_from_file" time="0.392" /><testcase classname="test.test_data_io" name="test_load_similarity_dna" time="0.234" /><testcase classname="test.test_data_io" name="test_load_similarity_aa" time="0.258" /><testcase classname="test.test_data_io" name="test_load_similarity_invalid_alphabet" time="0.001" /><testcase classname="test.test_disk_cache" name="test_load_similarity_dna" time="0.010" /><testcase classname="test.test_disk_cache" name="test_load_similarity_aa" time="0.037" /><testcase classname="test.test_disk_cache" name="test_load_similarity_invalid_alphabet" time="0.001" /><testcase classname="test.test_embeddings" name="test_esm_str_input" time="0.120" /><testcase classname="test.test_embeddings" name="test_esm_empty_in" time="0.001" /><testcase classname="test.test_embeddings" name="test_esm_invalid_input" time="0.001" /><testcase classname="test.test_embeddings" name="test_esm_valid_input" time="0.055" /><testcase classname="test.test_embeddings" name="test_esm_on_dataset" time="0.981" /><testcase classname="test.test_embeddings" name="test_ankh_nonelist_input" time="2.191" /><testcase classname="test.test_embeddings" name="test_ankh_empty_in" time="0.001" /><testcase classname="test.test_embeddings" name="test_ankh_invalid_input" time="0.001" /><testcase classname="test.test_embeddings" name="test_ankh_valid_input" time="0.330" /><testcase classname="test.test_embeddings" name="test_ankh_on_dataset" time="5.277" /><testcase classname="test.test_encoding_embeddings_transform" name="test_linear_kernel" time="0.006" /><testcase classname="test.test_encoding_embeddings_transform" name="test_reshape_1hot" time="1.325" /><testcase classname="test.test_encoding_embeddings_transform" name="test_kmers_mean_embeddings" time="0.038" /><testcase classname="test.test_encoding_embeddings_transform" name="test_kmer_embeddings_centers" time="0.292" /><testcase classname="test.test_encoding_embeddings_transform" name="test_rkhs_kmer_embeddings" time="4.786" /><testcase classname="test.test_encoding_specs" name="test_add_encodings_aa" time="0.074" /><testcase classname="test.test_encoding_specs" name="test_add_encodings_dna" time="0.842" /><testcase classname="test.test_encoding_specs" name="test_add_encodings_atm_type" time="18.831" /><testcase classname="test.test_encoding_specs" name="test_add_encodings_smiles" time="0.035" /><testcase classname="test.test_encoding_specs" name="test_add_encodings_raises" time="0.088" /><testcase classname="test.test_encoding_transform" name="test_translate_dna_to_aa_seq" time="0.050" /><testcase classname="test.test_encoding_transform_graph" name="test_get_num_nodes_edges" time="0.666" /><testcase classname="test.test_encoding_transform_graph" name="test_filter_adj_list_by_edge_type" time="0.952" /><testcase classname="test.test_encoding_transform_graph" name="test_adj_list_to_adjmatr" time="0.575" /><testcase classname="test.test_encoding_transform_graph" name="test_atm_adj" time="0.200" /><testcase classname="test.test_encoding_util.TestEncodingUtil" name="test_find_function_order" time="0.001" /><testcase classname="test.test_example_data" name="test_regr_dataset_get_full_dataset" time="7.946" /><testcase classname="test.test_example_data" name="test_class_dataset_get_full_dataset" time="7.421" /><testcase classname="test.test_examples" name="test_data_pipeline" time="3.057" /><testcase classname="test.test_fixtures" name="test_regr_dataset_train" time="0.067" /><testcase classname="test.test_fixtures" name="test_regr_dataset_test" time="0.066" /><testcase classname="test.test_fixtures" name="test_regr_dataset" time="0.066" /><testcase classname="test.test_fixtures" name="test_regr_dataset_splits" time="0.069" /><testcase classname="test.test_fixtures" name="test_regr_dataset_as_1split_dict" time="0.075" /><testcase classname="test.test_fixtures" name="test_regr_dna_dataset_train" time="0.075" /><testcase classname="test.test_fixtures" name="test_regr_dna_dataset_test" time="0.073" /><testcase classname="test.test_fixtures" name="test_regr_dna_dataset" time="0.069" /><testcase classname="test.test_fixtures" name="test_regr_dna_dataset_splits" time="0.070" /><testcase classname="test.test_fixtures" name="test_regr_dna_dataset_as_1split_dict" time="0.071" /><testcase classname="test.test_hfhub_tools" name="test_check_if_dataset_on_hf" time="0.056" /><testcase classname="test.test_hfhub_tools" name="test_check_if_fake_dataset_on_hf" time="0.056" /><testcase classname="test.test_hfhub_tools" name="test_add_src_split_col" time="45.919" /><testcase classname="test.test_hfhub_tools" name="test_add_src_split_col_cli" time="25.790" /><testcase classname="test.test_hfhub_tools" name="test_clear_hub_ds_files_and_metadata" time="16.256" /><testcase classname="test.test_hfhub_tools" name="test_get_dataset" time="3.788" /><testcase classname="test.test_hfhub_tools" name="test_rename_splits" time="22.368" /><testcase classname="test.test_hfhub_tools" name="test_rename_hub_dataset_column" time="18.887" /><testcase classname="test.test_hfhub_tools_explore" name="test_explore_datasets" time="7.255" /><testcase classname="test.test_hfhub_tools_explore" name="test_explore_datasets_command_line" time="7.190" /><testcase classname="test.test_hfhub_tools_explore" name="test_explore_datasets_command_line_2" time="7.427" /><testcase classname="test.test_integrity" name="test_check_dataset" time="0.277" /><testcase classname="test.test_integrity" name="test_check_char_integrity_in_sequences" time="0.101" /><testcase classname="test.test_mutation" name="test_sort_mutations_by_pos" time="0.004" /><testcase classname="test.test_mutation" name="test_parse_variant_mutations" time="0.002" /><testcase classname="test.test_mutation" name="test_parse_all_mutations" time="0.178" /><testcase classname="test.test_mutation" name="test_combine_variant_mutations" time="0.002" /><testcase classname="test.test_mutation" name="test_generate_variant_mutation_combinations" time="0.002" /><testcase classname="test.test_mutation" name="test_generate_variant_mutation_combinations_within_dataset" time="0.002" /><testcase classname="test.test_mutation" name="test_concat_mutations" time="0.001" /><testcase classname="test.test_mutation" name="test_get_parent_aa_seq" time="0.056" /><testcase classname="test.test_mutation" name="test_get_parent_sketch_from_mutations" time="0.001" /><testcase classname="test.test_mutation" name="test_estimate_offset" time="0.236" /><testcase classname="test.test_mutation" name="test_estimate_offset_ambiguous" time="0.025" /><testcase classname="test.test_mutation" name="test_apply_variant_mutations" time="0.001" /><testcase classname="test.test_mutation" name="test_apply_all_mutations" time="0.136" /><testcase classname="test.test_mutation" name="test_get_missing_values" time="0.026" /><testcase classname="test.test_mutation" name="test_fill_missing_sequences" time="0.069" /><testcase classname="test.test_mutation" name="test_fill_all_missing_sequences" time="0.079" /><testcase classname="test.test_mutation_converter.TestMutationConverter" name="test_convert_all_variant_mutations_to_str" time="0.003" /><testcase classname="test.test_mutation_extractor" name="test_extract_mutation_namedtuples_from_sequences" time="0.002" /><testcase classname="test.test_mutation_extractor" name="test_extract_mutation_namedtuples_from_sequences2" time="0.000" /><testcase classname="test.test_mutation_extractor" name="test_extract_mutation_namedtuples_from_sequences3" time="0.000" /><testcase classname="test.test_mutation_extractor" name="test_extract_mutation_namedtuples_from_sequences_parent_in" time="0.000" /><testcase classname="test.test_mutation_extractor" name="test_extract_mutation_namedtuples_from_sequences4" time="0.001" /><testcase classname="test.test_mutation_extractor" name="test_extract_mutation_namedtuples_from_sequences5" time="0.001" /><testcase classname="test.test_mutation_extractor" name="test_extract_mutation_namedtuples_from_sequences6" time="0.001" /><testcase classname="test.test_mutation_extractor" name="test_extract_mutation_namedtuples_from_sequences7" time="0.001" /><testcase classname="test.test_mutation_extractor" name="test_extract_mutation_str_from_sequences" time="0.001" /><testcase classname="test.test_mutation_util.TestMutationUtil" name="test_convert_tuple_to_valid_namedtuple" time="0.001" /><testcase classname="test.test_preprocessing" name="test_preprocessing_pipeline" time="2.330" /><testcase classname="test.test_preprocessing" name="test_preprocessing_pipeline_raises_error" time="1.254" /><testcase classname="test.test_preprocessing" name="test_append_index_column_to_dataset" time="0.004" /><testcase classname="test.test_preprocessing" name="test_append_index_column_to_dataset_with_incorrect_dataset" time="1.263" /><testcase classname="test.test_processing_hfhub" name="test_Dataset_upload_and_update" time="23.504" /><testcase classname="test.test_processing_hfhub" name="test_upload_csv_to_huggingface_repo_already_exists_cli" time="23.125" /><testcase classname="test.test_processing_hfhub" name="test_update_huggingface_repo_cli" time="15.819" /><testcase classname="test.test_pytorch_dataloaders" name="test_transformer" time="0.037" /><testcase classname="test.test_pytorch_dataloaders" name="test_encoder_init" time="0.002" /><testcase classname="test.test_pytorch_dataloaders" name="test_dataloader_init" time="2.893" /><testcase classname="test.test_pytorch_dataloaders" name="test_dataloader_init_odd" time="2.805" /><testcase classname="test.test_pytorch_dataloaders" name="test_dataloader_training_mode_ankh" time="23.266" /><testcase classname="test.test_pytorch_dataloaders" name="test_dataloader_test_mode_ankh" time="27.799" /><testcase classname="test.test_pytorch_dataloaders" name="test_dataloader_training_mode_esm" time="7.843" /><testcase classname="test.test_pytorch_dataloaders" name="test_dataloader_test_mode_esm" time="3.721" /><testcase classname="test.test_split" name="test_dataset_splitter_returns_Dataset" time="0.033" /><testcase classname="test.test_split" name="test_dataset_splitter_returns_DatasetDict" time="0.053" /><testcase classname="test.test_split" name="test_dataset_splitter_random_train_tes_default_seed_reprod" time="0.058" /><testcase classname="test.test_split" name="test_dataset_splitter_random_train_tes_split_diff_seed" time="0.030" /><testcase classname="test.test_split" name="test_dataset_splitter_concatenating_only_one_split" time="0.027" /><testcase classname="test.test_split" name="test_input_improper_datasetdict" time="0.023" /><testcase classname="test.test_split" name="test_dataset_splitter_k_fold" time="0.042" /><testcase classname="test.test_split" name="test_dataset_splitter_k_fold_splits_are_already_there" time="0.082" /><testcase classname="test.test_split" name="test_dataset_splitter_k_fold_yielf_train_tes_sets" time="0.067" /><testcase classname="test.test_split" name="test_dataset_splitter_k_fold_yielf_train_tes_sets_2" time="0.024" /><testcase classname="test.test_split" name="test_dataset_splitter_k_fold_yielf_train_tes_sets_combined_n" time="0.280" /><testcase classname="test.test_split" name="test_append_split_columns_to_dataset" time="0.118" /><testcase classname="test.test_split" name="test_add_source_split_column" time="0.007" /><testcase classname="test.test_split" name="test_zero_shot_splitter" time="0.025" /><testcase classname="test.test_split" name="test_zero_shot_splitter_without_source_split_column" time="0.005" /><testcase classname="test.test_split" name="test_get_split_col_names" time="0.009" /><testcase classname="test.test_split" name="test_get_split_map" time="0.000" /><testcase classname="test.test_split" name="test_rename_splits" time="0.160" /><testcase classname="test.test_split" name="test_split_col_histogram" time="0.097" /><testcase classname="test.test_util" name="test_get_target_columns" time="0.034" /><testcase classname="test.test_util" name="test_get_target" time="0.029" /><testcase classname="test.test_util" name="test_adjust_all_targets_maximization" time="0.128" /><testcase classname="test.test_util" name="test_zscore" time="0.003" /><testcase classname="test.test_util" name="test_get_summary_variable" time="0.158" /><testcase classname="test.test_util" name="test_append_summary_variable" time="0.045" /><testcase classname="test.test_util" name="test_regression_adjust_target_maximization" time="1.324" /><testcase classname="test.test_util" name="test_OptimizationObjective" time="0.001" /><testcase classname="test.test_util" name="test_DatasetHandler_single_feature" time="0.021" /><testcase classname="test.test_util" name="test_DatasetHandler_multi_feature" time="0.013" /><testcase classname="test.test_visual" name="test_plot_target_distribution" time="0.363" /><testcase classname="test.test_visual" name="test_plot_target_distributions" time="0.614" /></testsuite></testsuites>